es\deusto\client\windows\CreateEvent$1.class
es\deusto\server\data\Topic.class
es\deusto\server\server\AppService$1.class
es\deusto\client\windows\ForgottenPassword$1.class
es\deusto\client\windows\EventListItem$1.class
es\deusto\client\windows\LogInWindow$1.class
es\deusto\client\windows\UserEventsWindow$2.class
es\deusto\client\windows\EventListItem.class
es\deusto\client\windows\PostCreationWindow$2.class
es\deusto\client\windows\Profile$4.class
es\deusto\server\data\User.class
es\deusto\client\windows\Profile.class
es\deusto\client\windows\ChangePass$1.class
es\deusto\client\windows\EventWindow$3.class
es\deusto\server\dao\DAOFactory.class
es\deusto\client\windows\LogInWindow$4.class
es\deusto\client\windows\OrganizerEvents$5.class
es\deusto\client\windows\Profile$1.class
es\deusto\client\windows\EventOrganizerWindow$EventListElement.class
es\deusto\serialization\UserInfo.class
es\deusto\client\windows\CreateEvent.class
es\deusto\client\windows\OrganizerEvents$EventListItem.class
es\deusto\client\windows\UserEventsWindow$8.class
es\deusto\serialization\PostInfo.class
es\deusto\serialization\GenericUserInfo.class
es\deusto\client\windows\ChangePass$4.class
es\deusto\client\windows\CodeVerification$1.class
es\deusto\client\windows\OrganizerEvents$2.class
es\deusto\client\windows\EventListItem$2.class
es\deusto\client\windows\PostCreationWindow$1.class
es\deusto\client\windows\OrganizerHome$4.class
es\deusto\client\windows\OrganizerEvents$EventListItem$1.class
es\deusto\client\windows\EventWindow$1.class
es\deusto\client\windows\Profile$5.class
es\deusto\client\windows\UserEventsWindow$7.class
es\deusto\client\windows\LogInWindow$6.class
es\deusto\server\dao\UserDAO.class
es\deusto\client\windows\LanguageManager.class
es\deusto\client\windows\OrganizerEvents.class
es\deusto\client\windows\SavedEventsWindow$1.class
es\deusto\server\dao\EventDAO.class
es\deusto\client\windows\OrganizerHome$5.class
es\deusto\client\windows\EventWindow$2.class
es\deusto\client\windows\OrganizerEvents$3.class
es\deusto\client\windows\EventOrganizerWindow.class
es\deusto\client\windows\UserEventsWindow$1.class
es\deusto\client\windows\ChangePass$3.class
es\deusto\server\dao\OrganizerDAO.class
es\deusto\server\data\Organizer.class
es\deusto\client\windows\ChangePass$2.class
es\deusto\client\windows\Profile$3.class
es\deusto\client\windows\OrganizerHome$3.class
es\deusto\client\windows\UserEventsWindow$3.class
es\deusto\client\windows\LogInWindow$5.class
es\deusto\client\windows\EventOrganizerWindow$EventListElement$1.class
es\deusto\server\data\Post.class
es\deusto\serialization\SignupAttempt.class
es\deusto\client\main\Main.class
es\deusto\client\windows\OrganizerEvents$4.class
es\deusto\client\windows\OrganizerHome$6.class
es\deusto\client\windows\CreateUserWindow.class
es\deusto\client\windows\CodeVerification$2.class
es\deusto\client\windows\ChangePass$5.class
es\deusto\client\windows\EventListItem$3.class
es\deusto\client\windows\OrganizerEvents$1.class
es\deusto\serialization\OrganizerInfo.class
es\deusto\client\windows\EventWindow$PostPanel.class
es\deusto\client\windows\EventWindow.class
es\deusto\client\windows\UserEventsWindow$6.class
es\deusto\client\windows\LogInWindow$7.class
es\deusto\client\windows\CodeVerification.class
es\deusto\client\windows\OrganizerHome$1.class
es\deusto\serialization\EventInfo.class
es\deusto\client\windows\UserEventsWindow.class
es\deusto\server\dao\TopicDAO.class
es\deusto\client\controller\Controller.class
es\deusto\client\windows\UserEventsWindow$5.class
es\deusto\client\windows\CreateOrganizerWindow.class
es\deusto\server\server\AppService.class
es\deusto\server\server\Server.class
es\deusto\client\windows\Profile$2.class
es\deusto\server\data\Event.class
es\deusto\client\windows\ChangePass.class
es\deusto\client\windows\LogInWindow$3.class
es\deusto\client\windows\ForgottenPassword.class
es\deusto\client\windows\SavedEventsWindow.class
es\deusto\server\data\GenericUser.class
es\deusto\client\windows\OrganizerHome$2.class
es\deusto\server\dao\PostDAO.class
es\deusto\serialization\LoginAttempt.class
es\deusto\client\windows\UserEventsWindow$4.class
es\deusto\client\windows\LogInWindow.class
es\deusto\client\windows\OrganizerHome.class
es\deusto\serialization\TopicInfo.class
es\deusto\client\windows\PostCreationWindow.class
es\deusto\client\windows\ForgottenPassword$2.class
es\deusto\client\windows\LogInWindow$2.class
