C:\spq\BSPQ20-E1\BSPQ20-E1\src\main\java\es\deusto\server\server\Server.java
C:\spq\BSPQ20-E1\BSPQ20-E1\src\main\java\es\deusto\client\windows\CreateEvent.java
C:\spq\BSPQ20-E1\BSPQ20-E1\src\main\java\es\deusto\serialization\OrganizerInfo.java
C:\spq\BSPQ20-E1\BSPQ20-E1\src\main\java\es\deusto\server\dao\DAOFactory.java
C:\spq\BSPQ20-E1\BSPQ20-E1\src\main\java\es\deusto\server\server\AppService.java
C:\spq\BSPQ20-E1\BSPQ20-E1\src\main\java\es\deusto\client\main\Main.java
C:\spq\BSPQ20-E1\BSPQ20-E1\src\main\java\es\deusto\client\windows\ForgottenPassword.java
C:\spq\BSPQ20-E1\BSPQ20-E1\src\main\java\es\deusto\client\windows\LanguageManager.java
C:\spq\BSPQ20-E1\BSPQ20-E1\src\main\java\es\deusto\client\windows\EventOrganizerWindow.java
C:\spq\BSPQ20-E1\BSPQ20-E1\src\main\java\es\deusto\client\windows\OrganizerHome.java
C:\spq\BSPQ20-E1\BSPQ20-E1\src\main\java\es\deusto\serialization\TopicInfo.java
C:\spq\BSPQ20-E1\BSPQ20-E1\src\main\java\es\deusto\server\data\Topic.java
C:\spq\BSPQ20-E1\BSPQ20-E1\src\main\java\es\deusto\server\data\Organizer.java
C:\spq\BSPQ20-E1\BSPQ20-E1\src\main\java\es\deusto\server\data\Post.java
C:\spq\BSPQ20-E1\BSPQ20-E1\src\main\java\es\deusto\client\windows\Profile.java
C:\spq\BSPQ20-E1\BSPQ20-E1\src\main\java\es\deusto\client\windows\LogInWindow.java
C:\spq\BSPQ20-E1\BSPQ20-E1\src\main\java\es\deusto\server\data\GenericUser.java
C:\spq\BSPQ20-E1\BSPQ20-E1\src\main\java\es\deusto\client\windows\UserEventsWindow.java
C:\spq\BSPQ20-E1\BSPQ20-E1\src\main\java\es\deusto\serialization\PostInfo.java
C:\spq\BSPQ20-E1\BSPQ20-E1\src\main\java\es\deusto\client\controller\Controller.java
C:\spq\BSPQ20-E1\BSPQ20-E1\src\main\java\es\deusto\serialization\SignupAttempt.java
C:\spq\BSPQ20-E1\BSPQ20-E1\src\main\java\es\deusto\server\dao\PostDAO.java
C:\spq\BSPQ20-E1\BSPQ20-E1\src\main\java\es\deusto\server\data\User.java
C:\spq\BSPQ20-E1\BSPQ20-E1\src\main\java\es\deusto\client\windows\CodeVerification.java
C:\spq\BSPQ20-E1\BSPQ20-E1\src\main\java\es\deusto\serialization\GenericUserInfo.java
C:\spq\BSPQ20-E1\BSPQ20-E1\src\main\java\es\deusto\serialization\EventInfo.java
C:\spq\BSPQ20-E1\BSPQ20-E1\src\main\java\es\deusto\client\windows\EventWindow.java
C:\spq\BSPQ20-E1\BSPQ20-E1\src\main\java\es\deusto\server\dao\UserDAO.java
C:\spq\BSPQ20-E1\BSPQ20-E1\src\main\java\es\deusto\serialization\LoginAttempt.java
C:\spq\BSPQ20-E1\BSPQ20-E1\src\main\java\es\deusto\server\dao\EventDAO.java
C:\spq\BSPQ20-E1\BSPQ20-E1\src\main\java\es\deusto\server\dao\TopicDAO.java
C:\spq\BSPQ20-E1\BSPQ20-E1\src\main\java\es\deusto\serialization\UserInfo.java
C:\spq\BSPQ20-E1\BSPQ20-E1\src\main\java\es\deusto\client\windows\ChangePass.java
C:\spq\BSPQ20-E1\BSPQ20-E1\src\main\java\es\deusto\server\dao\OrganizerDAO.java
C:\spq\BSPQ20-E1\BSPQ20-E1\src\main\java\es\deusto\server\data\Event.java
C:\spq\BSPQ20-E1\BSPQ20-E1\src\main\java\es\deusto\client\windows\CreateUserWindow.java
